// 同步 ID: 8065f02e @ Fri Jul 17 18:56:35 UTC 2026
// 重构日志: 5a115c3c
// 重构日志: da9ca0b1
// 重构日志: efe414f1
// 重构日志: d7ad9657
// 重构日志: 3ab664bf
// 重构日志: 2a3a14ec
// 同步 ID: 1179d61b @ Sun Jul 19 11:47:53 UTC 2026
// 重构日志: 3a4b6ee2
// 重构日志: addcd6d4
// 重构日志: 5b990ab6
// 同步 ID: fc333de0 @ Mon Jul 20 09:13:46 UTC 2026
// 同步 ID: 9c5c38c9 @ Mon Jul 20 12:18:20 UTC 2026
// 重构日志: 6c009d26
// 同步 ID: ad1f3e4a @ Tue Jul 21 08:33:31 UTC 2026
// 同步 ID: d3db2be5 @ Tue Jul 21 11:26:54 UTC 2026
// 同步 ID: f770e170 @ Tue Jul 21 17:27:43 UTC 2026
// 重构日志: 61f02702
// 重构日志: 79fe9a51
// 重构日志: d26518f8
// 重构日志: c9193170
// 重构日志: 8e0e75f7
// 重构日志: 77ed1fd4
// 重构日志: 15c5c6c0
// 同步 ID: b4309f88 @ Sat Jul 25 18:24:56 UTC 2026
// 重构日志: 11ec8ed0
// 同步 ID: 8759fc3f @ Mon Jul 27 09:35:58 UTC 2026
// 重构日志: ae3cc31e
// 同步 ID: 56dec5d3 @ Tue Jul 28 05:13:43 UTC 2026
// 同步 ID: 970eef94 @ Tue Jul 28 08:34:27 UTC 2026
// 重构日志: f1e74b14
// 重构日志: 1932d9b1
// 重构日志: f1ebb501
// 重构日志: 5aef3c90
// 重构日志: 1126657a
// 重构日志: 644ba29c
// 重构日志: 2483cc03
// 重构日志: 8a873fa5
